 - 11696
 - 11697
 - 11698
 - 11699
 - 11740
 - 11741
 - 11742
 - 11743
 - 11744
 - 11745
 - 11746
 - 11747
 - 11748
 - 11749
 - 11750
 - 11751
 - 11752
 - 11753
 - 11754
 - 11755
 - 11756
 - 11757
 - 11758
 - 11759
 - 11790
 - 11791
 - 11792
 - 11793
 - 11794
 - 11795
 - 11796
 - 11797
 - 11798
 - 11799
 - 11840
 - 11841
 - 11842
 - 11843
 - 11844
 - 11845
 - 11846
 - 11847
 - 11848
 - 11849
 - 11940
 - 11941
 - 11942
 - 11943
 - 11944
 - 11945
 - 11946
 - 11947
 - 11948
 - 11959
 - 11960
 - 11961
 - 11962
 - 11963
 - 11964
 - 11965
 - 11966
 - 11967
 - 11968
 - 11969
 - 11970
 - 11971
 - 11972
 - 11973
 - 11974
 - 11975
 - 12000
 - 12001
 - 12002
 - 12003
 - 12004
 - 12005
 - 12006
 - 12007
 - 12008
 - 12009
 - 12020
 - 12021
 - 12022
 - 12023
 - 12024
 - 12025
 - 12026
 - 12027
 - 12028
 - 12029
 - 12030
 - 12031
 - 12032
 - 12033
 - 12034
 - 12035
 - 12036
 - 12037
 - 12038
 - 12039
 - 12040
 - 12041
 - 12042
 - 12043
 - 12044
 - 12045
 - 12046
 - 12047
 - 12048
 - 12049
 - 12050
 - 12051
 - 12052
 - 12053
 - 12054
 - 12055
 - 12056
 - 12057
 - 12058
 - 12059
 - 12060
 - 12061
 - 12062
 - 12063
 - 12064
 - 12065
 - 12066
 - 12067
 - 12068
 - 12069
 - 12070
 - 12071
 - 12072
 - 12073
 - 12074
 - 12075
 - 12076
 - 12077
 - 12078
 - 12084
 - 12085
 - 12086
 - 12087
 - 12088
 - 12089
 - 12090
 - 12091
 - 12092
 - 12093
 - 12094
 - 12095
 - 12096
 - 12097
 - 12098
 - 12099
 - 12100
 - 12101
 - 12102
 - 12103
 - 12104
 - 12105
 - 12106
 - 12107
 - 12108
 - 12109
 - 12111
 - 12112
 - 12113
 - 12114
 - 12115
 - 12120
 - 12121
 - 12122
 - 12123
 - 12124
 - 12125
 - 12126
 - 12127
 - 12128
 - 12129
 - 12131
 - 12133
 - 12134
 - 12135
 - 12140
 - 12141
 - 12142
 - 12143
 - 12144
 - 12145
 - 12146
 - 12147
 - 12148
 - 12149
 - 12150
 - 12151
 - 12152
 - 12153
 - 12154
 - 12155
 - 12156
 - 12157
 - 12158
 - 12159
 - 12160
 - 12161
 - 12162
 - 12163
 - 12164
 - 12165
 - 12166
 - 12167
 - 12168
 - 12225
 - 12226
 - 12228
 - 12229
 - 12230
 - 12275
 - 12276
 - 12277
 - 12278
 - 12279
 - 12375
 - 12376
 - 12377
 - 12378
 - 12379
 - 12425
 - 12426
 - 12427
 - 12428
 - 12429
 - 12475
 - 12476
 - 12477
 - 12478
 - 12479
 - 12525
 - 12526
 - 12527
 - 12528
 - 12529
 - 12575
 - 12576
 - 12577
 - 12578
 - 12579
 - 12625
 - 12626
 - 12627
 - 12628
 - 12629
 - 12675
 - 12676
 - 12677
 - 12725
 - 12726
 - 12727
 - 12775
 - 12776
 - 12777
 - 12778
 - 12925
 - 12926
 - 12975
 - 12976
 - 13028
 - 13029
 - 13030
 - 13031
 - 13032
 - 13033
 - 13075
 - 13076
 - 13077
 - 13078
 - 13079
 - 13080
 - 13081
 - 13082
 - 13083
 - 13084
 - 13085
 - 13086
 - 13087
 - 13088
 - 13089
 - 13090
 - 13091
 - 13092
 - 13093
 - 13094
 - 13095
 - 13339
 - 13340
 - 13341
 - 13342
 - 13343
 - 13344
 - 13345
 - 13346
 - 13347
 - 13348

